------------------------------------------------------------
Timing Analyzer Summary
------------------------------------------------------------

Type  : Slow 1100mV 85C Model Setup 'clk'
Slack : -3.239
TNS   : -223.683

Type  : Slow 1100mV 85C Model Hold 'clk'
Slack : 0.341
TNS   : 0.000

Type  : Slow 1100mV 85C Model Minimum Pulse Width 'clk'
Slack : -0.394
TNS   : -56.066

Type  : Slow 1100mV 0C Model Setup 'clk'
Slack : -3.279
TNS   : -224.363

Type  : Slow 1100mV 0C Model Hold 'clk'
Slack : 0.316
TNS   : 0.000

Type  : Slow 1100mV 0C Model Minimum Pulse Width 'clk'
Slack : -0.394
TNS   : -61.071

Type  : Fast 1100mV 85C Model Setup 'clk'
Slack : -1.377
TNS   : -87.432

Type  : Fast 1100mV 85C Model Hold 'clk'
Slack : 0.182
TNS   : 0.000

Type  : Fast 1100mV 85C Model Minimum Pulse Width 'clk'
Slack : -0.079
TNS   : -8.233

Type  : Fast 1100mV 0C Model Setup 'clk'
Slack : -1.212
TNS   : -74.988

Type  : Fast 1100mV 0C Model Hold 'clk'
Slack : 0.169
TNS   : 0.000

Type  : Fast 1100mV 0C Model Minimum Pulse Width 'clk'
Slack : -0.078
TNS   : -8.191

------------------------------------------------------------
